// Jest Snapshot v1, https://goo.gl/fbAQLP

exports[`Foo render 1`] = `
<h1>
  Foo render
</h1>
`;
